// Jest Snapshot v1, https://goo.gl/fbAQLP

exports[`matches snapshot 1`] = `
<form
  data-testid="form"
  onSubmit={[Function]}
>
  <input
    data-testid="example"
    name="example"
    placeholder="Name..."
  />
  <br />
  <br />
  <input
    data-testid="submit"
    type="submit"
  />
</form>
`;
