// Jest Snapshot v1, https://goo.gl/fbAQLP

exports[`matches snapshot 1`] = `
<div>
  <form
    data-testid="form"
    onSubmit={[Function]}
  >
    <input
      data-testid="username"
      name="username"
      placeholder="Username..."
    />
    <br />
    <input
      data-testid="password"
      name="password"
      placeholder="Password..."
      type="password"
    />
    <br />
    <br />
    <input
      type="submit"
      value="Send"
    />
  </form>
</div>
`;
