// Jest Snapshot v1, https://goo.gl/fbAQLP

exports[`matches snapshot 1`] = `
<div
  className="mt-5 container-fluid"
>
  <div
    className="row center-xs"
  >
    <div
      className=""
    >
      <h2>
        Login
      </h2>
    </div>
  </div>
  <div
    className="row center-xs"
  >
    <div
      className=""
    >
      <p>
        Complete the form below please
      </p>
    </div>
  </div>
  <div
    className="row center-xs"
  >
    <div
      className=""
    >
      <form
        className=""
        data-testid="form"
        onSubmit={[Function]}
      >
        <div
          className="form-group"
        >
          <input
            className="form-control"
            data-testid="username"
            id="formBasicEmail"
            name="username"
            placeholder="Enter email"
            type="email"
          />
          <small
            className="text-muted form-text"
          />
        </div>
        <div
          className="form-group"
        >
          <input
            className="form-control"
            data-testid="password"
            id="formBasicPassword"
            name="password"
            placeholder="Enter password"
            type="password"
          />
          <small
            className="text-muted form-text"
          />
        </div>
        <input
          defaultChecked={true}
          id="rememberMe"
          name="rememberMe"
          type="checkbox"
        />
        <label
          className="ml-2"
          htmlFor="rememberMe"
        >
          Remember me
        </label>
        <br />
        <br />
        <button
          className="btn btn-primary"
          disabled={false}
          type="submit"
        >
          Submit
        </button>
      </form>
    </div>
  </div>
  <br />
  <div
    className="row center-xs"
  >
    <div
      className=""
    />
  </div>
</div>
`;
